feed items[0] = Title: SmartDraw 2010 Guided Tour
Published: 5/31/2010 2:48:53 PM
URL: http://www.youtube.com/watch?v=NJPrllhYZrg&feature=youtube_gdata
Author: smartdraw
Id: tag:youtube.com,2008:video:NJPrllhYZrg
Content: 
Categories: 

feed items[1] = Title: How to Manage a Project with SmartDraw
Published: 5/31/2010 1:59:14 PM
URL: http://www.youtube.com/watch?v=54AHBOA1jJ0&feature=youtube_gdata
Author: smartdraw
Id: tag:youtube.com,2008:video:54AHBOA1jJ0
Content: 
Categories: 

feed items[2] = Title: How to Document and Improve Processes with SmartDraw
Published: 5/30/2010 5:25:38 AM
URL: http://www.youtube.com/watch?v=SfYjkcQofaA&feature=youtube_gdata
Author: smartdraw
Id: tag:youtube.com,2008:video:SfYjkcQofaA
Content: 
Categories: 

